// Jest Snapshot v1, https://goo.gl/fbAQLP

exports[`should render a Session 1`] = `""`;
